Component: Arm Compiler for Embedded 6.19 Tool: armlink [5e73cb00]

==============================================================================

Image component sizes


      Code (inc. data)   RO Data    RW Data    ZI Data      Debug   Object Name

       198          0          0          0         56       6509   adc_init.o
      1070         56          0          0       2004       3243   command_system.o
       828          0          0          0       1024       7203   dac_init.o
        46          0          0          0          0        916   delay.o
       440          0          0          0        176       7550   dma_init.o
      1422          4          0          4        512       4748   ili9341.o
       256          0          0          0        644       4300   main.o
       282          0          0          0          0      12181   mdr32f9qx_adc.o
        56          0          0          0          0       2549   mdr32f9qx_dac.o
       990         10          0          0       1024      10601   mdr32f9qx_dma.o
       328          0          0          0          0       5148   mdr32f9qx_port.o
       392          0          0          0          0      16323   mdr32f9qx_rst_clk.o
       156          0          0          0          0       5614   mdr32f9qx_ssp.o
       282          0          0          0          0      23030   mdr32f9qx_timer.o
       196          0          0          0          0      11203   mdr32f9qx_usb.o
      1438         12          0          0        204      20975   mdr32f9qx_usb_device.o
       306          0          0          0          0       4448   spi_init.o
        64         26        192          0      24576        924   startup_mdr32f9qx.o
       230          0          0          0          0       3795   sys_clk_init.o
       180          0          0          4          0       1982   system_mdr32f9qx.o
        28          0          0          0        148       6700   usb_init.o

    ----------------------------------------------------------------------
      9268        108        224          8      31040     159942   Object Totals
         0          0         32          0          0          0   (incl. Generated)
        80          0          0          0        672          0   (incl. Padding)

    ----------------------------------------------------------------------

      Code (inc. data)   RO Data    RW Data    ZI Data      Debug   Library Member Name

         8          0          0          0          0         68   __main.o
         0          0          0          0          0          0   __rtentry.o
        12          0          0          0          0          0   __rtentry2.o
         6          0          0          0          0          0   __rtentry4.o
        52          8          0          0          0          0   __scatter.o
        26          0          0          0          0          0   __scatter_copy.o
        28          0          0          0          0          0   __scatter_zi.o
        28          0          0          0          0         68   _chval.o
        22          0          0          0          0        100   _rserrno.o
       158          0          0          0          0         92   _strtoul.o
        26          0          0          0          0         80   atoi.o
        18          0          0          0          0         80   exit.o
         6          0          0          0          0        152   heapauxi.o
         0          0          0          0          0          0   indicate_semi.o
        44         10        272          0          0         76   lc_ctype_c.o
         2          0          0          0          0          0   libinit.o
        20          0          0          0          0          0   libinit2.o
         2          0          0          0          0          0   libshutdown.o
         2          0          0          0          0          0   libshutdown2.o
         8          4          0          0         96         68   libspace.o
        16          4          0          0          0         76   rt_ctype_table.o
         8          4          0          0          0         68   rt_errno_addr_intlibspace.o
         8          4          0          0          0         68   rt_locale_intlibspace.o
        78          0          0          0          0         80   rt_memclr_w.o
         2          0          0          0          0          0   rtexit.o
        10          0          0          0          0          0   rtexit2.o
       128          0          0          0          0         68   strcmpv7m.o
       150          0          0          0          0         80   strncmp.o
       112          0          0          0          0         88   strtol.o
        12          4          0          0          0         68   sys_exit.o
        74          0          0          0          0         80   sys_stackheap_outer.o
         2          0          0          0          0         68   use_no_semi.o
        98          4          0          0          0         92   d2f.o
       834         16          0          0          0        372   daddsub_clz.o
        16          4          0          0          0         68   dcheck1.o
        84          0          0          0          0        196   dcmp.o
        24          0          0          0          0         68   dcmpi.o
       692        140          0          0          0        216   ddiv.o
       120          4          0          0          0         92   deqf.o
        94          4          0          0          0         92   dfix.o
        84          0          0          0          0        136   dflt_clz.o
       120          4          0          0          0         92   dgeqf.o
       120          4          0          0          0         92   dleqf.o
       340         12          0          0          0        104   dmul.o
       156          4          0          0          0         92   dnaninf.o
        12          0          0          0          0         68   dretinf.o
        86          4          0          0          0         84   f2d.o
       430          8          0          0          0        168   faddsub_clz.o
        84          0          0          0          0        196   fcmp.o
        24          0          0          0          0         68   fcmpi.o
       388         76          0          0          0         96   fdiv.o
       104          4          0          0          0         84   feqf.o
        54          4          0          0          0         84   ffix.o
        48          0          0          0          0         68   fflt_clz.o
       104          4          0          0          0         84   fgeqf.o
       104          4          0          0          0         84   fleqf.o
       258          4          0          0          0         84   fmul.o
       140          4          0          0          0         84   fnaninf.o
        10          0          0          0          0         68   fretinf.o
       100          0          0          0          0         68   retnan.o
        92          0          0          0          0         68   scalbn.o
        48          0          0          0          0         68   trapv.o
         0          0          0          0          0          0   usenofp.o
       252         22         48          0          0        124   cos_i.o
        34          6          0          0          0        204   dunder.o
        40          0          0          0          0         68   fpclassify.o
       170          0          0          0          0         96   poly.o
       904         76        204          0          0        140   rred.o
       160         10          0          0          0        108   sin.o
       236         12         40          0          0        128   sin_i.o

    ----------------------------------------------------------------------
      7764        472        568          0         96       5632   Library Totals
        32          0          4          0          0          0   (incl. Padding)

    ----------------------------------------------------------------------

      Code (inc. data)   RO Data    RW Data    ZI Data      Debug   Library Name

      1068         38        272          0         96       1528   c_w.l
      4868        308          0          0          0       3236   fz_ws.l
      1796        126        292          0          0        868   m_ws.l

    ----------------------------------------------------------------------
      7764        472        568          0         96       5632   Library Totals

    ----------------------------------------------------------------------

==============================================================================


      Code (inc. data)   RO Data    RW Data    ZI Data      Debug   

     17032        580        792          8      31136     162226   Grand Totals
     17032        580        792          8      31136     162226   ELF Image Totals
     17032        580        792          8          0          0   ROM Totals

==============================================================================

    Total RO  Size (Code + RO Data)                17824 (  17.41kB)
    Total RW  Size (RW Data + ZI Data)             31144 (  30.41kB)
    Total ROM Size (Code + RO Data + RW Data)      17832 (  17.41kB)

==============================================================================

