Component: Arm Compiler for Embedded 6.19 Tool: armlink [5e73cb00]

==============================================================================

Image component sizes


      Code (inc. data)   RO Data    RW Data    ZI Data      Debug   Object Name

        46          0          0          0          0        919   delay.o
        56          0          0          0         72       7639   dma_init.o
      2104          4          0          4          0       4824   ili9341.o
      1774          0          0          0          0       6638   ili9341_interface.o
      1666          0       1275          0          0       7235   ili9341gfx.o
       146          0          0          0        132       3071   main.o
       488         10          0          0       1024      10601   mdr32f9qx_dma.o
       308          0          0          0          0       5148   mdr32f9qx_port.o
       282          0          0          0          0      16323   mdr32f9qx_rst_clk.o
       152          0          0          0          0       5614   mdr32f9qx_ssp.o
       354          0          0          0          0      11203   mdr32f9qx_usb.o
       542         36          0         85         20       7672   mdr32f9qx_usb_cdc.o
      2792         26          0          0        204      20975   mdr32f9qx_usb_device.o
       162          0          0          0          0       4086   spi_init.o
        64         26        192          0      24576        924   startup_mdr32f9qx.o
        58          0          0          0          0       1817   sys_clk_init.o
       180          0          0          4          0       1982   system_mdr32f9qx.o
       188          0          0          0        152       6701   usb_init.o

    ----------------------------------------------------------------------
     11458        102       1502         96      26984     123372   Object Totals
         0          0         32          0          0          0   (incl. Generated)
        96          0          3          3        804          0   (incl. Padding)

    ----------------------------------------------------------------------

      Code (inc. data)   RO Data    RW Data    ZI Data      Debug   Library Member Name

         8          0          0          0          0         68   __main.o
         0          0          0          0          0          0   __rtentry.o
        12          0          0          0          0          0   __rtentry2.o
         6          0          0          0          0          0   __rtentry4.o
        52          8          0          0          0          0   __scatter.o
        26          0          0          0          0          0   __scatter_copy.o
        28          0          0          0          0          0   __scatter_zi.o
        18          0          0          0          0         80   exit.o
         6          0          0          0          0        152   heapauxi.o
         0          0          0          0          0          0   indicate_semi.o
         2          0          0          0          0          0   libinit.o
         2          0          0          0          0          0   libinit2.o
         2          0          0          0          0          0   libshutdown.o
         2          0          0          0          0          0   libshutdown2.o
         8          4          0          0         96         68   libspace.o
       138          0          0          0          0         68   rt_memcpy_v6.o
       100          0          0          0          0         80   rt_memcpy_w.o
         2          0          0          0          0          0   rtexit.o
        10          0          0          0          0          0   rtexit2.o
        12          4          0          0          0         68   sys_exit.o
        74          0          0          0          0         80   sys_stackheap_outer.o
         2          0          0          0          0         68   use_no_semi.o

    ----------------------------------------------------------------------
       516         16          0          0         96        732   Library Totals
         6          0          0          0          0          0   (incl. Padding)

    ----------------------------------------------------------------------

      Code (inc. data)   RO Data    RW Data    ZI Data      Debug   Library Name

       510         16          0          0         96        732   c_w.l

    ----------------------------------------------------------------------
       516         16          0          0         96        732   Library Totals

    ----------------------------------------------------------------------

==============================================================================


      Code (inc. data)   RO Data    RW Data    ZI Data      Debug   

     11974        118       1502         96      27080     123572   Grand Totals
     11974        118       1502         96      27080     123572   ELF Image Totals
     11974        118       1502         96          0          0   ROM Totals

==============================================================================

    Total RO  Size (Code + RO Data)                13476 (  13.16kB)
    Total RW  Size (RW Data + ZI Data)             27176 (  26.54kB)
    Total ROM Size (Code + RO Data + RW Data)      13572 (  13.25kB)

==============================================================================

