Component: Arm Compiler for Embedded 6.19 Tool: armlink [5e73cb00]

==============================================================================

Image component sizes


      Code (inc. data)   RO Data    RW Data    ZI Data      Debug   Object Name

        46          0          0          0          0        919   delay.o
        52          0          0          0         72       7525   dma_init.o
      2840          4          0          4          0       6510   ili9341.o
      1008          0         51          2          4       2970   ili9341_interface.o
       470          0       1275          0          0       3230   ili9341gfx.o
       144          0          0          0        136       1912   main.o
       492          8          0          0       1024       8058   mdr32f9qx_dma.o
       472          0          0          0          0       4631   mdr32f9qx_port.o
       556          0          0          0          0      11263   mdr32f9qx_rst_clk.o
       278          0          0          0          0       5236   mdr32f9qx_ssp.o
       674          0          0          0          0       9731   mdr32f9qx_usb.o
      1060         36          0         85         20       6320   mdr32f9qx_usb_cdc.o
      3468         38          0          0        202      13555   mdr32f9qx_usb_device.o
       258          0          0          0         10       4089   spi_init.o
        64         26        192          0      24576        924   startup_mdr32f9qx.o
        64          0          0          0          0       1696   sys_clk_init.o
       338          0          0          4          0       1534   system_mdr32f9qx.o
       294          0          0          0        150       6445   usb_init.o

    ----------------------------------------------------------------------
     12686        112       1550         96      27120      96548   Object Totals
         0          0         32          0          0          0   (incl. Generated)
       108          0          0          1        926          0   (incl. Padding)

    ----------------------------------------------------------------------

      Code (inc. data)   RO Data    RW Data    ZI Data      Debug   Library Member Name

         8          0          0          0          0         68   __main.o
         0          0          0          0          0          0   __rtentry.o
        12          0          0          0          0          0   __rtentry2.o
         6          0          0          0          0          0   __rtentry4.o
        52          8          0          0          0          0   __scatter.o
        26          0          0          0          0          0   __scatter_copy.o
        28          0          0          0          0          0   __scatter_zi.o
        18          0          0          0          0         80   exit.o
         6          0          0          0          0        152   heapauxi.o
         0          0          0          0          0          0   indicate_semi.o
         2          0          0          0          0          0   libinit.o
         2          0          0          0          0          0   libinit2.o
         2          0          0          0          0          0   libshutdown.o
         2          0          0          0          0          0   libshutdown2.o
         8          4          0          0         96         68   libspace.o
       138          0          0          0          0         68   rt_memcpy_v6.o
       100          0          0          0          0         80   rt_memcpy_w.o
         2          0          0          0          0          0   rtexit.o
        10          0          0          0          0          0   rtexit2.o
        12          4          0          0          0         68   sys_exit.o
        74          0          0          0          0         80   sys_stackheap_outer.o
         2          0          0          0          0         68   use_no_semi.o

    ----------------------------------------------------------------------
       516         16          0          0         96        732   Library Totals
         6          0          0          0          0          0   (incl. Padding)

    ----------------------------------------------------------------------

      Code (inc. data)   RO Data    RW Data    ZI Data      Debug   Library Name

       510         16          0          0         96        732   c_w.l

    ----------------------------------------------------------------------
       516         16          0          0         96        732   Library Totals

    ----------------------------------------------------------------------

==============================================================================


      Code (inc. data)   RO Data    RW Data    ZI Data      Debug   

     13202        128       1550         96      27216      96748   Grand Totals
     13202        128       1550         96      27216      96748   ELF Image Totals
     13202        128       1550         96          0          0   ROM Totals

==============================================================================

    Total RO  Size (Code + RO Data)                14752 (  14.41kB)
    Total RW  Size (RW Data + ZI Data)             27312 (  26.67kB)
    Total ROM Size (Code + RO Data + RW Data)      14848 (  14.50kB)

==============================================================================

