Component: Arm Compiler for Embedded 6.19 Tool: armlink [5e73cb00]

==============================================================================

Image component sizes


      Code (inc. data)   RO Data    RW Data    ZI Data      Debug   Object Name

       186          0          0          0         56       6253   adc_init.o
      1070         56          0          0       2004       3243   command_system.o
       212          0          0          0          0       1902   compress.o
       822          0          0          0       1024       6009   dac_init.o
       468          0          0          0        176       7661   dma_init.o
       270          0          0          2        644       3620   main.o
       252          0          0          0          0      12181   mdr32f9qx_adc.o
        96          0          0          0          0       2549   mdr32f9qx_dac.o
       990         10          0          0       1024      10601   mdr32f9qx_dma.o
       290          0          0          0          0       5148   mdr32f9qx_port.o
       282          0          0          0          0      16323   mdr32f9qx_rst_clk.o
       282          0          0          0          0      23030   mdr32f9qx_timer.o
       354          0          0          0          0      11203   mdr32f9qx_usb.o
       610         36          0         85         20       7672   mdr32f9qx_usb_cdc.o
      2792         26          0          0        204      20975   mdr32f9qx_usb_device.o
        64         26        192          0      24576        924   startup_mdr32f9qx.o
        64          0          0          0          0       1696   sys_clk_init.o
       338          0          0          4          0       1534   system_mdr32f9qx.o
       294          0          0          0        150       6769   usb_init.o

    ----------------------------------------------------------------------
      9556        154        224         96      30536     149793   Object Totals
     12686        112       1550         96      27120      96460   Object Totals
         0          0         32          0          0          0   (incl. Generated)
        90          0          0          5        644          0   (incl. Padding)

    ----------------------------------------------------------------------

      Code (inc. data)   RO Data    RW Data    ZI Data      Debug   Library Member Name

         8          0          0          0          0         68   __main.o
         0          0          0          0          0          0   __rtentry.o
        12          0          0          0          0          0   __rtentry2.o
         6          0          0          0          0          0   __rtentry4.o
        52          8          0          0          0          0   __scatter.o
        26          0          0          0          0          0   __scatter_copy.o
        28          0          0          0          0          0   __scatter_zi.o
        18          0          0          0          0         80   exit.o
         6          0          0          0          0        152   heapauxi.o
         0          0          0          0          0          0   indicate_semi.o
         2          0          0          0          0          0   libinit.o
         2          0          0          0          0          0   libinit2.o
         2          0          0          0          0          0   libshutdown.o
         2          0          0          0          0          0   libshutdown2.o
         8          4          0          0         96         68   libspace.o
       138          0          0          0          0         68   rt_memcpy_v6.o
       100          0          0          0          0         80   rt_memcpy_w.o
         2          0          0          0          0          0   rtexit.o
        10          0          0          0          0          0   rtexit2.o
        12          4          0          0          0         68   sys_exit.o
        74          0          0          0          0         80   sys_stackheap_outer.o
         2          0          0          0          0         68   use_no_semi.o

    ----------------------------------------------------------------------
      7996        472        568          0         96       5780   Library Totals
        26          0          4          0          0          0   (incl. Padding)

    ----------------------------------------------------------------------

      Code (inc. data)   RO Data    RW Data    ZI Data      Debug   Library Name

       510         16          0          0         96        732   c_w.l

    ----------------------------------------------------------------------
      7996        472        568          0         96       5780   Library Totals

    ----------------------------------------------------------------------

==============================================================================


      Code (inc. data)   RO Data    RW Data    ZI Data      Debug   

     17648        626        792         96      30632     153332   Grand Totals
     17648        626        792         96      30632     153332   ELF Image Totals
     17648        626        792         96          0          0   ROM Totals

==============================================================================

    Total RO  Size (Code + RO Data)                18344 (  17.91kB)
    Total RW  Size (RW Data + ZI Data)             30728 (  30.01kB)
    Total ROM Size (Code + RO Data + RW Data)      18440 (  18.01kB)

==============================================================================

