Component: Arm Compiler for Embedded 6.19 Tool: armlink [5e73cb00]

==============================================================================

Image component sizes


      Code (inc. data)   RO Data    RW Data    ZI Data      Debug   Object Name

       228          0          0          0         56       5752   adc_for_proj.o
       280          0          0          0        160       5668   dma_for_proj_1.o
       178          0          0          0        512       2208   main.o
       598          0          0          0          0      11071   mdr32f9qx_adc.o
      1056          8          0          0       1024       8062   mdr32f9qx_dma.o
       414          0          0          0          0       4635   mdr32f9qx_port.o
       656          0          0          0          0      11267   mdr32f9qx_rst_clk.o
       674          0          0          0          0       9735   mdr32f9qx_usb.o
      1162         36          0         85         20       6324   mdr32f9qx_usb_cdc.o
      3468         38          0          0        202      13559   mdr32f9qx_usb_device.o
        64         26        192          0      24576        928   startup_mdr32f9qx.o
       280          0          0          0          0       3967   sysclk_for_proj.o
       338          0          0          4          0       1538   system_mdr32f9qx.o
       290          0          0          0        290       6476   usb_for_proj.o

    ----------------------------------------------------------------------
      9772        108        224         92      27384      91190   Object Totals
         0          0         32          0          0          0   (incl. Generated)
        86          0          0          3        544          0   (incl. Padding)

    ----------------------------------------------------------------------

      Code (inc. data)   RO Data    RW Data    ZI Data      Debug   Library Member Name

         8          0          0          0          0         68   __main.o
         0          0          0          0          0          0   __rtentry.o
        12          0          0          0          0          0   __rtentry2.o
         6          0          0          0          0          0   __rtentry4.o
        52          8          0          0          0          0   __scatter.o
        26          0          0          0          0          0   __scatter_copy.o
        28          0          0          0          0          0   __scatter_zi.o
        18          0          0          0          0         80   exit.o
         6          0          0          0          0        152   heapauxi.o
         0          0          0          0          0          0   indicate_semi.o
         2          0          0          0          0          0   libinit.o
         2          0          0          0          0          0   libinit2.o
         2          0          0          0          0          0   libshutdown.o
         2          0          0          0          0          0   libshutdown2.o
         8          4          0          0         96         68   libspace.o
       138          0          0          0          0         68   rt_memcpy_v6.o
       100          0          0          0          0         80   rt_memcpy_w.o
         2          0          0          0          0          0   rtexit.o
        10          0          0          0          0          0   rtexit2.o
        12          4          0          0          0         68   sys_exit.o
        74          0          0          0          0         80   sys_stackheap_outer.o
         2          0          0          0          0         68   use_no_semi.o

    ----------------------------------------------------------------------
       516         16          0          0         96        732   Library Totals
         6          0          0          0          0          0   (incl. Padding)

    ----------------------------------------------------------------------

      Code (inc. data)   RO Data    RW Data    ZI Data      Debug   Library Name

       510         16          0          0         96        732   c_w.l

    ----------------------------------------------------------------------
       516         16          0          0         96        732   Library Totals

    ----------------------------------------------------------------------

==============================================================================


      Code (inc. data)   RO Data    RW Data    ZI Data      Debug   

     10288        124        224         92      27480      91470   Grand Totals
     10288        124        224         92      27480      91470   ELF Image Totals
     10288        124        224         92          0          0   ROM Totals

==============================================================================

    Total RO  Size (Code + RO Data)                10512 (  10.27kB)
    Total RW  Size (RW Data + ZI Data)             27572 (  26.93kB)
    Total ROM Size (Code + RO Data + RW Data)      10604 (  10.36kB)

==============================================================================

