Component: Arm Compiler for Embedded 6.19 Tool: armlink [5e73cb00]

==============================================================================

Image component sizes


      Code (inc. data)   RO Data    RW Data    ZI Data      Debug   Object Name

       228          0          0          0         56       5759   adc_init.o
       770          0         15          0       2004       1918   command_system.o
       518          0          0          0       1024       5837   dac_init.o
       572          0          0          0        176       7297   dma_init.o
       522          0          0          4       1156       2669   main.o
       598          0          0          0          0      11067   mdr32f9qx_adc.o
       128          0          0          0          0       2332   mdr32f9qx_dac.o
      1056          8          0          0       1024       8058   mdr32f9qx_dma.o
       414          0          0          0          0       4631   mdr32f9qx_port.o
       656          0          0          0          0      11263   mdr32f9qx_rst_clk.o
       558          0          0          0          0      20029   mdr32f9qx_timer.o
       674          0          0          0          0       9731   mdr32f9qx_usb.o
      1174         36          0         85         20       6323   mdr32f9qx_usb_cdc.o
      3468         38          0          0        202      13555   mdr32f9qx_usb_device.o
        64         26        192          0      24576        936   startup_mdr32f9qx.o
       280          0          0          0          0       3957   sys_clk_init.o
       338          0          0          4          0       1534   system_mdr32f9qx.o
       294          0          0          0        162       6444   usb_init.o

    ----------------------------------------------------------------------
     12410        108        240         96      31184     123340   Object Totals
         0          0         32          0          0          0   (incl. Generated)
        98          0          1          3        784          0   (incl. Padding)

    ----------------------------------------------------------------------

      Code (inc. data)   RO Data    RW Data    ZI Data      Debug   Library Member Name

         8          0          0          0          0         68   __main.o
         0          0          0          0          0          0   __rtentry.o
        12          0          0          0          0          0   __rtentry2.o
         6          0          0          0          0          0   __rtentry4.o
        52          8          0          0          0          0   __scatter.o
        26          0          0          0          0          0   __scatter_copy.o
        28          0          0          0          0          0   __scatter_zi.o
        28          0          0          0          0         68   _chval.o
        22          0          0          0          0        100   _rserrno.o
       158          0          0          0          0         92   _strtoul.o
        26          0          0          0          0         80   atoi.o
        18          0          0          0          0         80   exit.o
         6          0          0          0          0        152   heapauxi.o
         0          0          0          0          0          0   indicate_semi.o
        44         10        272          0          0         76   lc_ctype_c.o
         2          0          0          0          0          0   libinit.o
        20          0          0          0          0          0   libinit2.o
         2          0          0          0          0          0   libshutdown.o
         2          0          0          0          0          0   libshutdown2.o
         8          4          0          0         96         68   libspace.o
        16          4          0          0          0         76   rt_ctype_table.o
         8          4          0          0          0         68   rt_errno_addr_intlibspace.o
         8          4          0          0          0         68   rt_locale_intlibspace.o
       138          0          0          0          0         68   rt_memcpy_v6.o
       100          0          0          0          0         80   rt_memcpy_w.o
         2          0          0          0          0          0   rtexit.o
        10          0          0          0          0          0   rtexit2.o
       128          0          0          0          0         68   strcmpv7m.o
        36          0          0          0          0         80   strstr.o
       112          0          0          0          0         88   strtol.o
        12          4          0          0          0         68   sys_exit.o
        74          0          0          0          0         80   sys_stackheap_outer.o
         2          0          0          0          0         68   use_no_semi.o
        98          4          0          0          0         92   d2f.o
       834         16          0          0          0        372   daddsub_clz.o
        16          4          0          0          0         68   dcheck1.o
        84          0          0          0          0        196   dcmp.o
        24          0          0          0          0         68   dcmpi.o
       692        140          0          0          0        216   ddiv.o
       120          4          0          0          0         92   deqf.o
        94          4          0          0          0         92   dfix.o
        84          0          0          0          0        136   dflt_clz.o
       120          4          0          0          0         92   dgeqf.o
       120          4          0          0          0         92   dleqf.o
       340         12          0          0          0        104   dmul.o
       156          4          0          0          0         92   dnaninf.o
        12          0          0          0          0         68   dretinf.o
        86          4          0          0          0         84   f2d.o
       430          8          0          0          0        168   faddsub_clz.o
       388         76          0          0          0         96   fdiv.o
        54          4          0          0          0         84   ffix.o
        48          0          0          0          0         68   fflt_clz.o
       258          4          0          0          0         84   fmul.o
       140          4          0          0          0         84   fnaninf.o
        10          0          0          0          0         68   fretinf.o
       100          0          0          0          0         68   retnan.o
        92          0          0          0          0         68   scalbn.o
        48          0          0          0          0         68   trapv.o
         0          0          0          0          0          0   usenofp.o
       252         22         48          0          0        124   cos_i.o
        34          6          0          0          0        204   dunder.o
        40          0          0          0          0         68   fpclassify.o
       170          0          0          0          0         96   poly.o
       904         76        204          0          0        140   rred.o
       160         10          0          0          0        108   sin.o
       236         12         40          0          0        128   sin_i.o

    ----------------------------------------------------------------------
      7390        460        568          0         96       5184   Library Totals
        32          0          4          0          0          0   (incl. Padding)

    ----------------------------------------------------------------------

      Code (inc. data)   RO Data    RW Data    ZI Data      Debug   Library Name

      1114         38        272          0         96       1596   c_w.l
      4448        296          0          0          0       2720   fz_ws.l
      1796        126        292          0          0        868   m_ws.l

    ----------------------------------------------------------------------
      7390        460        568          0         96       5184   Library Totals

    ----------------------------------------------------------------------

==============================================================================


      Code (inc. data)   RO Data    RW Data    ZI Data      Debug   

     19800        568        808         96      31280     125444   Grand Totals
     19800        568        808         96      31280     125444   ELF Image Totals
     19800        568        808         96          0          0   ROM Totals

==============================================================================

    Total RO  Size (Code + RO Data)                20608 (  20.12kB)
    Total RW  Size (RW Data + ZI Data)             31376 (  30.64kB)
    Total ROM Size (Code + RO Data + RW Data)      20704 (  20.22kB)

==============================================================================

